// Jest Snapshot v1, https://goo.gl/fbAQLP

exports[`Login view should render correctly 1`] = `
<div class="login"><img src="@/assets/images/login.png" alt="">
  <div class="from-holder">
    <div id="logo" class="logo">join.tsh.io</div>
    <form>
      <div class="title">
        Login
      </div>
      <div class="login-input"><label>
          username:
          <input name="username" placeholder="Enter username"></label></div>
      <div class="login-input"><label>
          password:
          <input name="password" type="password" placeholder="Enter password"></label></div> <button type="submit" class="btn">Log in</button>
      <div class="forgot">
        Forgot password?
      </div>
    </form>
  </div>
</div>
`;
